src/app/(studio)/admin/contact/_components/ContactForm.tsx(65,25): error TS2339: Property 'status' does not exist on type 'ErrorResponse | SuccessResponse<{ id: number; createdAt: Date; updatedAt: Date; title: string; description: string | null; metaTitle: string | null; metaDescription: string | null; robotsIndex: boolean; robotsFollow: boolean; }>'.
  Property 'status' does not exist on type 'ErrorResponse'.
src/app/(studio)/admin/contact/_components/ContactForm.tsx(73,25): error TS2339: Property 'status' does not exist on type 'ErrorResponse | SuccessResponse<{ id: number; createdAt: Date; updatedAt: Date; title: string; description: string | null; metaTitle: string | null; metaDescription: string | null; robotsIndex: boolean; robotsFollow: boolean; }>'.
  Property 'status' does not exist on type 'ErrorResponse'.
src/app/actions/contact.ts(35,9): error TS2554: Expected 2 arguments, but got 1.
src/app/actions/contact.ts(74,9): error TS2554: Expected 2 arguments, but got 1.
src/app/actions/footer-setting.ts(82,9): error TS2554: Expected 2 arguments, but got 1.
src/app/actions/testimonial.ts(36,9): error TS2554: Expected 2 arguments, but got 1.
src/app/actions/testimonial.ts(87,9): error TS2554: Expected 2 arguments, but got 1.
src/app/actions/testimonial.ts(122,9): error TS2554: Expected 2 arguments, but got 1.
src/components/Checkout/index.tsx(10,33): error TS2307: Cannot find module './CheckoutPaymentArea' or its corresponding type declarations.
src/components/Footer/FooterBottom.tsx(45,11): error TS2339: Property 'data' does not exist on type 'ErrorResponse | SuccessResponse<{ id: number; createdAt: Date; updatedAt: Date; metaTitle: string | null; metaDescription: string | null; robotsIndex: boolean; robotsFollow: boolean; ... 7 more ...; robotsTxt: string | null; } | null>'.
src/components/Home/Blog/index.tsx(44,39): error TS2739: Type '{ id: string; createdAt: Date; body: string; title: string; slug: string; metadata: string | null; mainImage: string; }' is missing the following properties from type 'Blog': authorId, categoryId, tags, updatedAt
